
> food-agent-v2-frontend@0.1.0 test:e2e
> npm run build && playwright test


> food-agent-v2-frontend@0.1.0 build
> vite build

vite v8.2.1 building client environment for production...
[2K
transforming...✓ 1804 modules transformed.
rendering chunks...
computing gzip size...
dist/index.html                   0.53 kB │ gzip:  0.34 kB
dist/assets/index-BjusbM0p.css   19.23 kB │ gzip:  4.72 kB
dist/assets/index-DEmbM6nf.js   114.61 kB │ gzip: 41.33 kB

✓ built in 310ms
[WebServer] (node:2792) Warning: The 'NO_COLOR' env is ignored due to the 'FORCE_COLOR' env being set.
[WebServer] (Use `node --trace-warnings ...` to show where the warning was created)

Running 10 tests using 1 worker

(node:12412) Warning: The 'NO_COLOR' env is ignored due to the 'FORCE_COLOR' env being set.

(Use `node --trace-warnings ...` to show where the warning was created)

[1/10] e2e\browser.spec.ts:57:1 › 首次进入为空白新对话且可选择成员
[2/10] e2e\browser.spec.ts:69:1 › 成功路径：仅接受 completed / result_committed，并归档至侧边栏
[3/10] e2e\browser.spec.ts:81:1 › 页面刷新默认进入空白对话，可从侧边栏恢复历史会话与已提交菜单
[4/10] e2e\browser.spec.ts:99:1 › 多轮对话会话内成员固定：首轮发送后禁用参与者切换
[5/10] e2e\browser.spec.ts:108:1 › 生成中点击停止生成能够可靠取消且不展示完成徽标
[6/10] e2e\browser.spec.ts:129:1 › SSE 中断连接后自动恢复并最终 completed
[7/10] e2e\browser.spec.ts:147:1 › 浏览器最终菜单展示（真实可用）：正文与结构化菜单均可见
[8/10] e2e\browser.spec.ts:160:1 › 真实锁竞争：刷新后点击恢复生成，用原请求成单并与数据库一致
[9/10] e2e\clarification.spec.ts:5:1 › 真实 SSE 连续失败降级轮询：待澄清停止轮询，选项续接后成单
e2e\clarification.spec.ts:5:1 › 真实 SSE 连续失败降级轮询：待澄清停止轮询，选项续接后成单
SSE_DIAG {"readyState":0}

SSE_DIAG {"readyState":0}

SSE_DIAG {"readyState":0}

SSE_DIAG {"readyState":0}

SSE_DIAG {"readyState":0}

SSE_DIAG {"readyState":0}

SSE_DIAG {"readyState":0}

SSE_DIAG {"readyState":0}

SSE_DIAG {"readyState":0}

[10/10] e2e\structure.spec.ts:5:1 › 四菜一汤：真实五道菜、汤槽位、执行身份与刷新恢复
  10 passed (6.0m)
